
> 00:00 +0: App builds without errors
> HomeViewModel.loadData error: StorageFailure: Failed to get key "streak" 
from box "userProgress": StorageFailure: Box "userProgress" is not open. Call 
openBoxes() first.
  #0      StorageService._box 
(package:chordmaster_free/services/storage_service.dart:162:7)
  #1      StorageService.get 
(package:chordmaster_free/services/storage_service.dart:96:17)
  #2      HomeViewModel.loadData 
(package:chordmaster_free/features/home/home_viewmodel.dart:102:36)


